Archive member included to satisfy reference by file (symbol)

c:/program files (x86)/atmel/studio/7.0/toolchain/avr8/avr8-gnu-toolchain/bin/../lib/gcc/avr/5.4.0/avr5\libgcc.a(_exit.o)
                              C:/Program Files (x86)/Atmel/Studio/7.0/Packs/atmel/ATmega_DFP/1.7.374/gcc/dev/atmega32a/avr5/crtatmega32a.o (exit)
c:/program files (x86)/atmel/studio/7.0/toolchain/avr8/avr8-gnu-toolchain/bin/../lib/gcc/avr/5.4.0/avr5\libgcc.a(_tablejump2.o)
                              MCAL/TIMER Driver/timer.o (__tablejump2__)
c:/program files (x86)/atmel/studio/7.0/toolchain/avr8/avr8-gnu-toolchain/bin/../lib/gcc/avr/5.4.0/avr5\libgcc.a(_copy_data.o)
                              APPLICATION/app.o (__do_copy_data)
c:/program files (x86)/atmel/studio/7.0/toolchain/avr8/avr8-gnu-toolchain/bin/../lib/gcc/avr/5.4.0/avr5\libgcc.a(_clear_bss.o)
                              APPLICATION/app.o (__do_clear_bss)

Allocating common symbols
Common symbol       size              file

cars_red_flag       0x1               APPLICATION/app.o

Discarded input sections

 .data          0x00000000        0x0 C:/Program Files (x86)/Atmel/Studio/7.0/Packs/atmel/ATmega_DFP/1.7.374/gcc/dev/atmega32a/avr5/crtatmega32a.o
 .bss           0x00000000        0x0 C:/Program Files (x86)/Atmel/Studio/7.0/Packs/atmel/ATmega_DFP/1.7.374/gcc/dev/atmega32a/avr5/crtatmega32a.o
 .text          0x00000000        0x0 APPLICATION/app.o
 .data          0x00000000        0x0 APPLICATION/app.o
 .bss           0x00000000        0x0 APPLICATION/app.o
 .text          0x00000000        0x0 ECUAL/Button Driver/button.o
 .data          0x00000000        0x0 ECUAL/Button Driver/button.o
 .bss           0x00000000        0x0 ECUAL/Button Driver/button.o
 .text.BUTTON_read
                0x00000000       0x12 ECUAL/Button Driver/button.o
 .text.BUTTON_init_test
                0x00000000       0x40 ECUAL/Button Driver/button.o
 .text.BUTTON_read_test
                0x00000000       0x50 ECUAL/Button Driver/button.o
 .text          0x00000000        0x0 ECUAL/LED Driver/led.o
 .data          0x00000000        0x0 ECUAL/LED Driver/led.o
 .bss           0x00000000        0x0 ECUAL/LED Driver/led.o
 .text.LED_toggle
                0x00000000       0x26 ECUAL/LED Driver/led.o
 .text.LED_read_state
                0x00000000       0x32 ECUAL/LED Driver/led.o
 .text.LED_init_test
                0x00000000       0x40 ECUAL/LED Driver/led.o
 .text.check_initilization_test
                0x00000000       0x56 ECUAL/LED Driver/led.o
 .text.LED_on_test
                0x00000000       0x48 ECUAL/LED Driver/led.o
 .text.LED_off_test
                0x00000000       0x48 ECUAL/LED Driver/led.o
 .text.LED_toggle_test
                0x00000000       0x48 ECUAL/LED Driver/led.o
 .text.LED_read_state_test
                0x00000000       0x58 ECUAL/LED Driver/led.o
 .text.blink_two_yellows_test
                0x00000000       0x88 ECUAL/LED Driver/led.o
 .text.LED_blink_interruptCheck_test
                0x00000000       0x62 ECUAL/LED Driver/led.o
 .text.leds_on_temporary_interruptCheck_test
                0x00000000       0x88 ECUAL/LED Driver/led.o
 .text          0x00000000        0x0 main.o
 .data          0x00000000        0x0 main.o
 .bss           0x00000000        0x0 main.o
 .text          0x00000000        0x0 MCAL/DIO Driver/dio.o
 .data          0x00000000        0x0 MCAL/DIO Driver/dio.o
 .bss           0x00000000        0x0 MCAL/DIO Driver/dio.o
 .text.DIO_read
                0x00000000      0x102 MCAL/DIO Driver/dio.o
 .text.DIO_init_test
                0x00000000       0x52 MCAL/DIO Driver/dio.o
 .text.DIO_write_test
                0x00000000       0x52 MCAL/DIO Driver/dio.o
 .text.DIO_toggle_test
                0x00000000       0x3c MCAL/DIO Driver/dio.o
 .text.DIO_read_test
                0x00000000       0x52 MCAL/DIO Driver/dio.o
 .text          0x00000000        0x0 MCAL/INTERRUPT Driver/interrupt.o
 .data          0x00000000        0x0 MCAL/INTERRUPT Driver/interrupt.o
 .bss           0x00000000        0x0 MCAL/INTERRUPT Driver/interrupt.o
 .text.EXT_INT1_triggerControl
                0x00000000       0x20 MCAL/INTERRUPT Driver/interrupt.o
 .text.EXT_INT2_triggerControl
                0x00000000       0x28 MCAL/INTERRUPT Driver/interrupt.o
 .text.EXT_INT0_triggerControl_test
                0x00000000       0x2a MCAL/INTERRUPT Driver/interrupt.o
 .text.EXT_INT1_triggerControl_test
                0x00000000       0x2a MCAL/INTERRUPT Driver/interrupt.o
 .text.EXT_INT2_triggerControl_test
                0x00000000       0x2a MCAL/INTERRUPT Driver/interrupt.o
 .text          0x00000000        0x0 MCAL/TIMER Driver/timer.o
 .data          0x00000000        0x0 MCAL/TIMER Driver/timer.o
 .bss           0x00000000        0x0 MCAL/TIMER Driver/timer.o
 .text.TIMER0_init
                0x00000000       0x40 MCAL/TIMER Driver/timer.o
 .text.TIMER0_start
                0x00000000       0x52 MCAL/TIMER Driver/timer.o
 .progmem.gcc_sw_table.TIMER0_start
                0x00000000       0x10 MCAL/TIMER Driver/timer.o
 .text.TIMER0_stop
                0x00000000        0xe MCAL/TIMER Driver/timer.o
 .text.TIMER0_state
                0x00000000        0x6 MCAL/TIMER Driver/timer.o
 .debug_info    0x00000000      0x159 MCAL/TIMER Driver/timer.o
 .debug_abbrev  0x00000000       0xb7 MCAL/TIMER Driver/timer.o
 .debug_loc     0x00000000      0x123 MCAL/TIMER Driver/timer.o
 .debug_aranges
                0x00000000       0x38 MCAL/TIMER Driver/timer.o
 .debug_ranges  0x00000000       0x28 MCAL/TIMER Driver/timer.o
 .debug_line    0x00000000      0x187 MCAL/TIMER Driver/timer.o
 .debug_str     0x00000000      0x245 MCAL/TIMER Driver/timer.o
 .comment       0x00000000       0x31 MCAL/TIMER Driver/timer.o
 .debug_frame   0x00000000       0x54 MCAL/TIMER Driver/timer.o
 .text          0x00000000        0x0 c:/program files (x86)/atmel/studio/7.0/toolchain/avr8/avr8-gnu-toolchain/bin/../lib/gcc/avr/5.4.0/avr5\libgcc.a(_exit.o)
 .data          0x00000000        0x0 c:/program files (x86)/atmel/studio/7.0/toolchain/avr8/avr8-gnu-toolchain/bin/../lib/gcc/avr/5.4.0/avr5\libgcc.a(_exit.o)
 .bss           0x00000000        0x0 c:/program files (x86)/atmel/studio/7.0/toolchain/avr8/avr8-gnu-toolchain/bin/../lib/gcc/avr/5.4.0/avr5\libgcc.a(_exit.o)
 .text.libgcc.mul
                0x00000000        0x0 c:/program files (x86)/atmel/studio/7.0/toolchain/avr8/avr8-gnu-toolchain/bin/../lib/gcc/avr/5.4.0/avr5\libgcc.a(_exit.o)
 .text.libgcc.div
                0x00000000        0x0 c:/program files (x86)/atmel/studio/7.0/toolchain/avr8/avr8-gnu-toolchain/bin/../lib/gcc/avr/5.4.0/avr5\libgcc.a(_exit.o)
 .text.libgcc   0x00000000        0x0 c:/program files (x86)/atmel/studio/7.0/toolchain/avr8/avr8-gnu-toolchain/bin/../lib/gcc/avr/5.4.0/avr5\libgcc.a(_exit.o)
 .text.libgcc.prologue
                0x00000000        0x0 c:/program files (x86)/atmel/studio/7.0/toolchain/avr8/avr8-gnu-toolchain/bin/../lib/gcc/avr/5.4.0/avr5\libgcc.a(_exit.o)
 .text.libgcc.builtins
                0x00000000        0x0 c:/program files (x86)/atmel/studio/7.0/toolchain/avr8/avr8-gnu-toolchain/bin/../lib/gcc/avr/5.4.0/avr5\libgcc.a(_exit.o)
 .text.libgcc.fmul
                0x00000000        0x0 c:/program files (x86)/atmel/studio/7.0/toolchain/avr8/avr8-gnu-toolchain/bin/../lib/gcc/avr/5.4.0/avr5\libgcc.a(_exit.o)
 .text.libgcc.fixed
                0x00000000        0x0 c:/program files (x86)/atmel/studio/7.0/toolchain/avr8/avr8-gnu-toolchain/bin/../lib/gcc/avr/5.4.0/avr5\libgcc.a(_exit.o)
 .text          0x00000000        0x0 c:/program files (x86)/atmel/studio/7.0/toolchain/avr8/avr8-gnu-toolchain/bin/../lib/gcc/avr/5.4.0/avr5\libgcc.a(_tablejump2.o)
 .data          0x00000000        0x0 c:/program files (x86)/atmel/studio/7.0/toolchain/avr8/avr8-gnu-toolchain/bin/../lib/gcc/avr/5.4.0/avr5\libgcc.a(_tablejump2.o)
 .bss           0x00000000        0x0 c:/program files (x86)/atmel/studio/7.0/toolchain/avr8/avr8-gnu-toolchain/bin/../lib/gcc/avr/5.4.0/avr5\libgcc.a(_tablejump2.o)
 .text.libgcc.mul
                0x00000000        0x0 c:/program files (x86)/atmel/studio/7.0/toolchain/avr8/avr8-gnu-toolchain/bin/../lib/gcc/avr/5.4.0/avr5\libgcc.a(_tablejump2.o)
 .text.libgcc.div
                0x00000000        0x0 c:/program files (x86)/atmel/studio/7.0/toolchain/avr8/avr8-gnu-toolchain/bin/../lib/gcc/avr/5.4.0/avr5\libgcc.a(_tablejump2.o)
 .text.libgcc   0x00000000        0xc c:/program files (x86)/atmel/studio/7.0/toolchain/avr8/avr8-gnu-toolchain/bin/../lib/gcc/avr/5.4.0/avr5\libgcc.a(_tablejump2.o)
 .text.libgcc.prologue
                0x00000000        0x0 c:/program files (x86)/atmel/studio/7.0/toolchain/avr8/avr8-gnu-toolchain/bin/../lib/gcc/avr/5.4.0/avr5\libgcc.a(_tablejump2.o)
 .text.libgcc.builtins
                0x00000000        0x0 c:/program files (x86)/atmel/studio/7.0/toolchain/avr8/avr8-gnu-toolchain/bin/../lib/gcc/avr/5.4.0/avr5\libgcc.a(_tablejump2.o)
 .text.libgcc.fmul
                0x00000000        0x0 c:/program files (x86)/atmel/studio/7.0/toolchain/avr8/avr8-gnu-toolchain/bin/../lib/gcc/avr/5.4.0/avr5\libgcc.a(_tablejump2.o)
 .text.libgcc.fixed
                0x00000000        0x0 c:/program files (x86)/atmel/studio/7.0/toolchain/avr8/avr8-gnu-toolchain/bin/../lib/gcc/avr/5.4.0/avr5\libgcc.a(_tablejump2.o)
 .text          0x00000000        0x0 c:/program files (x86)/atmel/studio/7.0/toolchain/avr8/avr8-gnu-toolchain/bin/../lib/gcc/avr/5.4.0/avr5\libgcc.a(_copy_data.o)
 .data          0x00000000        0x0 c:/program files (x86)/atmel/studio/7.0/toolchain/avr8/avr8-gnu-toolchain/bin/../lib/gcc/avr/5.4.0/avr5\libgcc.a(_copy_data.o)
 .bss           0x00000000        0x0 c:/program files (x86)/atmel/studio/7.0/toolchain/avr8/avr8-gnu-toolchain/bin/../lib/gcc/avr/5.4.0/avr5\libgcc.a(_copy_data.o)
 .text.libgcc.mul
                0x00000000        0x0 c:/program files (x86)/atmel/studio/7.0/toolchain/avr8/avr8-gnu-toolchain/bin/../lib/gcc/avr/5.4.0/avr5\libgcc.a(_copy_data.o)
 .text.libgcc.div
                0x00000000        0x0 c:/program files (x86)/atmel/studio/7.0/toolchain/avr8/avr8-gnu-toolchain/bin/../lib/gcc/avr/5.4.0/avr5\libgcc.a(_copy_data.o)
 .text.libgcc   0x00000000        0x0 c:/program files (x86)/atmel/studio/7.0/toolchain/avr8/avr8-gnu-toolchain/bin/../lib/gcc/avr/5.4.0/avr5\libgcc.a(_copy_data.o)
 .text.libgcc.prologue
                0x00000000        0x0 c:/program files (x86)/atmel/studio/7.0/toolchain/avr8/avr8-gnu-toolchain/bin/../lib/gcc/avr/5.4.0/avr5\libgcc.a(_copy_data.o)
 .text.libgcc.builtins
                0x00000000        0x0 c:/program files (x86)/atmel/studio/7.0/toolchain/avr8/avr8-gnu-toolchain/bin/../lib/gcc/avr/5.4.0/avr5\libgcc.a(_copy_data.o)
 .text.libgcc.fmul
                0x00000000        0x0 c:/program files (x86)/atmel/studio/7.0/toolchain/avr8/avr8-gnu-toolchain/bin/../lib/gcc/avr/5.4.0/avr5\libgcc.a(_copy_data.o)
 .text.libgcc.fixed
                0x00000000        0x0 c:/program files (x86)/atmel/studio/7.0/toolchain/avr8/avr8-gnu-toolchain/bin/../lib/gcc/avr/5.4.0/avr5\libgcc.a(_copy_data.o)
 .text          0x00000000        0x0 c:/program files (x86)/atmel/studio/7.0/toolchain/avr8/avr8-gnu-toolchain/bin/../lib/gcc/avr/5.4.0/avr5\libgcc.a(_clear_bss.o)
 .data          0x00000000        0x0 c:/program files (x86)/atmel/studio/7.0/toolchain/avr8/avr8-gnu-toolchain/bin/../lib/gcc/avr/5.4.0/avr5\libgcc.a(_clear_bss.o)
 .bss           0x00000000        0x0 c:/program files (x86)/atmel/studio/7.0/toolchain/avr8/avr8-gnu-toolchain/bin/../lib/gcc/avr/5.4.0/avr5\libgcc.a(_clear_bss.o)
 .text.libgcc.mul
                0x00000000        0x0 c:/program files (x86)/atmel/studio/7.0/toolchain/avr8/avr8-gnu-toolchain/bin/../lib/gcc/avr/5.4.0/avr5\libgcc.a(_clear_bss.o)
 .text.libgcc.div
                0x00000000        0x0 c:/program files (x86)/atmel/studio/7.0/toolchain/avr8/avr8-gnu-toolchain/bin/../lib/gcc/avr/5.4.0/avr5\libgcc.a(_clear_bss.o)
 .text.libgcc   0x00000000        0x0 c:/program files (x86)/atmel/studio/7.0/toolchain/avr8/avr8-gnu-toolchain/bin/../lib/gcc/avr/5.4.0/avr5\libgcc.a(_clear_bss.o)
 .text.libgcc.prologue
                0x00000000        0x0 c:/program files (x86)/atmel/studio/7.0/toolchain/avr8/avr8-gnu-toolchain/bin/../lib/gcc/avr/5.4.0/avr5\libgcc.a(_clear_bss.o)
 .text.libgcc.builtins
                0x00000000        0x0 c:/program files (x86)/atmel/studio/7.0/toolchain/avr8/avr8-gnu-toolchain/bin/../lib/gcc/avr/5.4.0/avr5\libgcc.a(_clear_bss.o)
 .text.libgcc.fmul
                0x00000000        0x0 c:/program files (x86)/atmel/studio/7.0/toolchain/avr8/avr8-gnu-toolchain/bin/../lib/gcc/avr/5.4.0/avr5\libgcc.a(_clear_bss.o)
 .text.libgcc.fixed
                0x00000000        0x0 c:/program files (x86)/atmel/studio/7.0/toolchain/avr8/avr8-gnu-toolchain/bin/../lib/gcc/avr/5.4.0/avr5\libgcc.a(_clear_bss.o)

Memory Configuration

Name             Origin             Length             Attributes
text             0x00000000         0x00008000         xr
data             0x00800060         0x00000800         rw !x
eeprom           0x00810000         0x00000400         rw !x
fuse             0x00820000         0x00000002         rw !x
lock             0x00830000         0x00000400         rw !x
signature        0x00840000         0x00000400         rw !x
user_signatures  0x00850000         0x00000400         rw !x
*default*        0x00000000         0xffffffff

Linker script and memory map

LOAD C:/Program Files (x86)/Atmel/Studio/7.0/Packs/atmel/ATmega_DFP/1.7.374/gcc/dev/atmega32a/avr5/crtatmega32a.o
LOAD APPLICATION/app.o
LOAD ECUAL/Button Driver/button.o
LOAD ECUAL/LED Driver/led.o
LOAD main.o
LOAD MCAL/DIO Driver/dio.o
LOAD MCAL/INTERRUPT Driver/interrupt.o
LOAD MCAL/TIMER Driver/timer.o
START GROUP
LOAD c:/program files (x86)/atmel/studio/7.0/toolchain/avr8/avr8-gnu-toolchain/bin/../lib/gcc/avr/5.4.0/../../../../avr/lib/avr5\libm.a
END GROUP
START GROUP
LOAD c:/program files (x86)/atmel/studio/7.0/toolchain/avr8/avr8-gnu-toolchain/bin/../lib/gcc/avr/5.4.0/avr5\libgcc.a
LOAD c:/program files (x86)/atmel/studio/7.0/toolchain/avr8/avr8-gnu-toolchain/bin/../lib/gcc/avr/5.4.0/../../../../avr/lib/avr5\libm.a
LOAD c:/program files (x86)/atmel/studio/7.0/toolchain/avr8/avr8-gnu-toolchain/bin/../lib/gcc/avr/5.4.0/../../../../avr/lib/avr5\libc.a
LOAD C:/Program Files (x86)/Atmel/Studio/7.0/Packs/atmel/ATmega_DFP/1.7.374/gcc/dev/atmega32a/avr5\libatmega32a.a
END GROUP
                [0x00000000]                __TEXT_REGION_ORIGIN__ = DEFINED (__TEXT_REGION_ORIGIN__)?__TEXT_REGION_ORIGIN__:0x0
                [0x00800060]                __DATA_REGION_ORIGIN__ = DEFINED (__DATA_REGION_ORIGIN__)?__DATA_REGION_ORIGIN__:0x800060
                [0x00008000]                __TEXT_REGION_LENGTH__ = DEFINED (__TEXT_REGION_LENGTH__)?__TEXT_REGION_LENGTH__:0x20000
                [0x00000800]                __DATA_REGION_LENGTH__ = DEFINED (__DATA_REGION_LENGTH__)?__DATA_REGION_LENGTH__:0xffa0
                [0x00000400]                __EEPROM_REGION_LENGTH__ = DEFINED (__EEPROM_REGION_LENGTH__)?__EEPROM_REGION_LENGTH__:0x10000
                [0x00000002]                __FUSE_REGION_LENGTH__ = DEFINED (__FUSE_REGION_LENGTH__)?__FUSE_REGION_LENGTH__:0x400
                0x00000400                __LOCK_REGION_LENGTH__ = DEFINED (__LOCK_REGION_LENGTH__)?__LOCK_REGION_LENGTH__:0x400
                0x00000400                __SIGNATURE_REGION_LENGTH__ = DEFINED (__SIGNATURE_REGION_LENGTH__)?__SIGNATURE_REGION_LENGTH__:0x400
                0x00000400                __USER_SIGNATURE_REGION_LENGTH__ = DEFINED (__USER_SIGNATURE_REGION_LENGTH__)?__USER_SIGNATURE_REGION_LENGTH__:0x400

.hash
 *(.hash)

.dynsym
 *(.dynsym)

.dynstr
 *(.dynstr)

.gnu.version
 *(.gnu.version)

.gnu.version_d
 *(.gnu.version_d)

.gnu.version_r
 *(.gnu.version_r)

.rel.init
 *(.rel.init)

.rela.init
 *(.rela.init)

.rel.text
 *(.rel.text)
 *(.rel.text.*)
 *(.rel.gnu.linkonce.t*)

.rela.text
 *(.rela.text)
 *(.rela.text.*)
 *(.rela.gnu.linkonce.t*)

.rel.fini
 *(.rel.fini)

.rela.fini
 *(.rela.fini)

.rel.rodata
 *(.rel.rodata)
 *(.rel.rodata.*)
 *(.rel.gnu.linkonce.r*)

.rela.rodata
 *(.rela.rodata)
 *(.rela.rodata.*)
 *(.rela.gnu.linkonce.r*)

.rel.data
 *(.rel.data)
 *(.rel.data.*)
 *(.rel.gnu.linkonce.d*)

.rela.data
 *(.rela.data)
 *(.rela.data.*)
 *(.rela.gnu.linkonce.d*)

.rel.ctors
 *(.rel.ctors)

.rela.ctors
 *(.rela.ctors)

.rel.dtors
 *(.rel.dtors)

.rela.dtors
 *(.rela.dtors)

.rel.got
 *(.rel.got)

.rela.got
 *(.rela.got)

.rel.bss
 *(.rel.bss)

.rela.bss
 *(.rela.bss)

.rel.plt
 *(.rel.plt)

.rela.plt
 *(.rela.plt)

.text           0x00000000      0x926
 *(.vectors)
 .vectors       0x00000000       0x54 C:/Program Files (x86)/Atmel/Studio/7.0/Packs/atmel/ATmega_DFP/1.7.374/gcc/dev/atmega32a/avr5/crtatmega32a.o
                0x00000000                __vector_default
                0x00000000                __vectors
 *(.vectors)
 *(.progmem.gcc*)
                0x00000054                . = ALIGN (0x2)
                0x00000054                __trampolines_start = .
 *(.trampolines)
 .trampolines   0x00000054        0x0 linker stubs
 *(.trampolines*)
                0x00000054                __trampolines_end = .
 *libprintf_flt.a:*(.progmem.data)
 *libc.a:*(.progmem.data)
 *(.progmem*)
                0x00000054                . = ALIGN (0x2)
 *(.jumptables)
 *(.jumptables*)
 *(.lowtext)
 *(.lowtext*)
                0x00000054                __ctors_start = .
 *(.ctors)
                0x00000054                __ctors_end = .
                0x00000054                __dtors_start = .
 *(.dtors)
                0x00000054                __dtors_end = .
 SORT(*)(.ctors)
 SORT(*)(.dtors)
 *(.init0)
 .init0         0x00000054        0x0 C:/Program Files (x86)/Atmel/Studio/7.0/Packs/atmel/ATmega_DFP/1.7.374/gcc/dev/atmega32a/avr5/crtatmega32a.o
                0x00000054                __init
 *(.init0)
 *(.init1)
 *(.init1)
 *(.init2)
 .init2         0x00000054        0xc C:/Program Files (x86)/Atmel/Studio/7.0/Packs/atmel/ATmega_DFP/1.7.374/gcc/dev/atmega32a/avr5/crtatmega32a.o
 *(.init2)
 *(.init3)
 *(.init3)
 *(.init4)
 .init4         0x00000060       0x16 c:/program files (x86)/atmel/studio/7.0/toolchain/avr8/avr8-gnu-toolchain/bin/../lib/gcc/avr/5.4.0/avr5\libgcc.a(_copy_data.o)
                0x00000060                __do_copy_data
 .init4         0x00000076       0x10 c:/program files (x86)/atmel/studio/7.0/toolchain/avr8/avr8-gnu-toolchain/bin/../lib/gcc/avr/5.4.0/avr5\libgcc.a(_clear_bss.o)
                0x00000076                __do_clear_bss
 *(.init4)
 *(.init5)
 *(.init5)
 *(.init6)
 *(.init6)
 *(.init7)
 *(.init7)
 *(.init8)
 *(.init8)
 *(.init9)
 .init9         0x00000086        0x8 C:/Program Files (x86)/Atmel/Studio/7.0/Packs/atmel/ATmega_DFP/1.7.374/gcc/dev/atmega32a/avr5/crtatmega32a.o
 *(.init9)
 *(.text)
 .text          0x0000008e        0x4 C:/Program Files (x86)/Atmel/Studio/7.0/Packs/atmel/ATmega_DFP/1.7.374/gcc/dev/atmega32a/avr5/crtatmega32a.o
                0x0000008e                __vector_12
                0x0000008e                __bad_interrupt
                0x0000008e                __vector_6
                0x0000008e                __vector_3
                0x0000008e                __vector_11
                0x0000008e                __vector_13
                0x0000008e                __vector_17
                0x0000008e                __vector_19
                0x0000008e                __vector_7
                0x0000008e                __vector_5
                0x0000008e                __vector_4
                0x0000008e                __vector_9
                0x0000008e                __vector_2
                0x0000008e                __vector_15
                0x0000008e                __vector_8
                0x0000008e                __vector_14
                0x0000008e                __vector_10
                0x0000008e                __vector_16
                0x0000008e                __vector_18
                0x0000008e                __vector_20
                0x00000092                . = ALIGN (0x2)
 *(.text.*)
 .text.app_init
                0x00000092       0x66 APPLICATION/app.o
                0x00000092                app_init
 .text.normalMode
                0x000000f8       0x70 APPLICATION/app.o
                0x000000f8                normalMode
 .text.pedesterianMode
                0x00000168       0xbe APPLICATION/app.o
                0x00000168                pedesterianMode
 .text.__vector_1
                0x00000226       0x4e APPLICATION/app.o
                0x00000226                __vector_1
 .text.BUTTON_init
                0x00000274       0x12 ECUAL/Button Driver/button.o
                0x00000274                BUTTON_init
 .text.LED_init
                0x00000286       0x12 ECUAL/LED Driver/led.o
                0x00000286                LED_init
 .text.check_initilization
                0x00000298      0x102 ECUAL/LED Driver/led.o
                0x00000298                check_initilization
 .text.LED_on   0x0000039a       0x28 ECUAL/LED Driver/led.o
                0x0000039a                LED_on
 .text.LED_off  0x000003c2       0x28 ECUAL/LED Driver/led.o
                0x000003c2                LED_off
 .text.LED_blink_interruptCheck
                0x000003ea       0x7a ECUAL/LED Driver/led.o
                0x000003ea                LED_blink_interruptCheck
 .text.blink_two_yellows
                0x00000464       0x8e ECUAL/LED Driver/led.o
                0x00000464                blink_two_yellows
 .text.leds_on_temporary_interruptCheck
                0x000004f2       0xba ECUAL/LED Driver/led.o
                0x000004f2                leds_on_temporary_interruptCheck
 .text.main     0x000005ac        0xa main.o
                0x000005ac                main
 .text.DIO_init
                0x000005b6      0x158 MCAL/DIO Driver/dio.o
                0x000005b6                DIO_init
 .text.DIO_write
                0x0000070e      0x158 MCAL/DIO Driver/dio.o
                0x0000070e                DIO_write
 .text.DIO_toggle
                0x00000866       0xa8 MCAL/DIO Driver/dio.o
                0x00000866                DIO_toggle
 .text.EXT_INT0_triggerControl
                0x0000090e       0x14 MCAL/INTERRUPT Driver/interrupt.o
                0x0000090e                EXT_INT0_triggerControl
                0x00000922                . = ALIGN (0x2)
 *(.fini9)
 .fini9         0x00000922        0x0 c:/program files (x86)/atmel/studio/7.0/toolchain/avr8/avr8-gnu-toolchain/bin/../lib/gcc/avr/5.4.0/avr5\libgcc.a(_exit.o)
                0x00000922                _exit
                0x00000922                exit
 *(.fini9)
 *(.fini8)
 *(.fini8)
 *(.fini7)
 *(.fini7)
 *(.fini6)
 *(.fini6)
 *(.fini5)
 *(.fini5)
 *(.fini4)
 *(.fini4)
 *(.fini3)
 *(.fini3)
 *(.fini2)
 *(.fini2)
 *(.fini1)
 *(.fini1)
 *(.fini0)
 .fini0         0x00000922        0x4 c:/program files (x86)/atmel/studio/7.0/toolchain/avr8/avr8-gnu-toolchain/bin/../lib/gcc/avr/5.4.0/avr5\libgcc.a(_exit.o)
 *(.fini0)
                0x00000926                _etext = .

.data           0x00800060        0xc load address 0x00000926
                0x00800060                PROVIDE (__data_start, .)
 *(.data)
 *(.data*)
 .data.pedestrian_red_led
                0x00800060        0x2 APPLICATION/app.o
                0x00800060                pedestrian_red_led
 .data.pedestrian_yellow_led
                0x00800062        0x2 APPLICATION/app.o
                0x00800062                pedestrian_yellow_led
 .data.pedestrian_green_led
                0x00800064        0x2 APPLICATION/app.o
                0x00800064                pedestrian_green_led
 .data.cars_red_led
                0x00800066        0x2 APPLICATION/app.o
                0x00800066                cars_red_led
 .data.cars_yellow_led
                0x00800068        0x2 APPLICATION/app.o
                0x00800068                cars_yellow_led
 .data.cars_green_led
                0x0080006a        0x2 APPLICATION/app.o
                0x0080006a                cars_green_led
 *(.gnu.linkonce.d*)
 *(.rodata)
 *(.rodata*)
 *(.gnu.linkonce.r*)
                0x0080006c                . = ALIGN (0x2)
                0x0080006c                _edata = .
                0x0080006c                PROVIDE (__data_end, .)

.bss            0x0080006c        0x2
                0x0080006c                PROVIDE (__bss_start, .)
 *(.bss)
 *(.bss*)
 .bss.interrupt_triggered
                0x0080006c        0x1 APPLICATION/app.o
                0x0080006c                interrupt_triggered
 *(COMMON)
 COMMON         0x0080006d        0x1 APPLICATION/app.o
                0x0080006d                cars_red_flag
                0x0080006e                PROVIDE (__bss_end, .)
                0x00000926                __data_load_start = LOADADDR (.data)
                0x00000932                __data_load_end = (__data_load_start + SIZEOF (.data))

.noinit         0x0080006e        0x0
                [!provide]                PROVIDE (__noinit_start, .)
 *(.noinit*)
                [!provide]                PROVIDE (__noinit_end, .)
                0x0080006e                _end = .
                [!provide]                PROVIDE (__heap_start, .)

.eeprom         0x00810000        0x0
 *(.eeprom*)
                0x00810000                __eeprom_end = .

.fuse
 *(.fuse)
 *(.lfuse)
 *(.hfuse)
 *(.efuse)

.lock
 *(.lock*)

.signature
 *(.signature*)

.user_signatures
 *(.user_signatures*)

.stab
 *(.stab)

.stabstr
 *(.stabstr)

.stab.excl
 *(.stab.excl)

.stab.exclstr
 *(.stab.exclstr)

.stab.index
 *(.stab.index)

.stab.indexstr
 *(.stab.indexstr)

.comment        0x00000000       0x30
 *(.comment)
 .comment       0x00000000       0x30 APPLICATION/app.o
                                 0x31 (size before relaxing)
 .comment       0x00000030       0x31 ECUAL/Button Driver/button.o
 .comment       0x00000030       0x31 ECUAL/LED Driver/led.o
 .comment       0x00000030       0x31 main.o
 .comment       0x00000030       0x31 MCAL/DIO Driver/dio.o
 .comment       0x00000030       0x31 MCAL/INTERRUPT Driver/interrupt.o

.note.gnu.avr.deviceinfo
                0x00000000       0x3c
 .note.gnu.avr.deviceinfo
                0x00000000       0x3c C:/Program Files (x86)/Atmel/Studio/7.0/Packs/atmel/ATmega_DFP/1.7.374/gcc/dev/atmega32a/avr5/crtatmega32a.o

.note.gnu.build-id
 *(.note.gnu.build-id)

.debug
 *(.debug)

.line
 *(.line)

.debug_srcinfo
 *(.debug_srcinfo)

.debug_sfnames
 *(.debug_sfnames)

.debug_aranges  0x00000000      0x1d8
 *(.debug_aranges)
 .debug_aranges
                0x00000000       0x38 APPLICATION/app.o
 .debug_aranges
                0x00000038       0x38 ECUAL/Button Driver/button.o
 .debug_aranges
                0x00000070       0xa8 ECUAL/LED Driver/led.o
 .debug_aranges
                0x00000118       0x20 main.o
 .debug_aranges
                0x00000138       0x58 MCAL/DIO Driver/dio.o
 .debug_aranges
                0x00000190       0x48 MCAL/INTERRUPT Driver/interrupt.o

.debug_pubnames
 *(.debug_pubnames)

.debug_info     0x00000000     0x23c3
 *(.debug_info .gnu.linkonce.wi.*)
 .debug_info    0x00000000      0x4e6 C:/Program Files (x86)/Atmel/Studio/7.0/Packs/atmel/ATmega_DFP/1.7.374/gcc/dev/atmega32a/avr5/crtatmega32a.o
 .debug_info    0x000004e6      0x6d5 APPLICATION/app.o
 .debug_info    0x00000bbb      0x2fd ECUAL/Button Driver/button.o
 .debug_info    0x00000eb8      0xd71 ECUAL/LED Driver/led.o
 .debug_info    0x00001c29       0xb5 main.o
 .debug_info    0x00001cde      0x464 MCAL/DIO Driver/dio.o
 .debug_info    0x00002142      0x281 MCAL/INTERRUPT Driver/interrupt.o

.debug_abbrev   0x00000000      0xbca
 *(.debug_abbrev)
 .debug_abbrev  0x00000000      0x4a3 C:/Program Files (x86)/Atmel/Studio/7.0/Packs/atmel/ATmega_DFP/1.7.374/gcc/dev/atmega32a/avr5/crtatmega32a.o
 .debug_abbrev  0x000004a3      0x182 APPLICATION/app.o
 .debug_abbrev  0x00000625      0x123 ECUAL/Button Driver/button.o
 .debug_abbrev  0x00000748      0x212 ECUAL/LED Driver/led.o
 .debug_abbrev  0x0000095a       0x68 main.o
 .debug_abbrev  0x000009c2      0x10f MCAL/DIO Driver/dio.o
 .debug_abbrev  0x00000ad1       0xf9 MCAL/INTERRUPT Driver/interrupt.o

.debug_line     0x00000000     0x130a
 *(.debug_line .debug_line.* .debug_line_end)
 .debug_line    0x00000000      0x116 C:/Program Files (x86)/Atmel/Studio/7.0/Packs/atmel/ATmega_DFP/1.7.374/gcc/dev/atmega32a/avr5/crtatmega32a.o
 .debug_line    0x00000116      0x342 APPLICATION/app.o
 .debug_line    0x00000458      0x18e ECUAL/Button Driver/button.o
 .debug_line    0x000005e6      0x6a9 ECUAL/LED Driver/led.o
 .debug_line    0x00000c8f       0x63 main.o
 .debug_line    0x00000cf2      0x458 MCAL/DIO Driver/dio.o
 .debug_line    0x0000114a      0x1c0 MCAL/INTERRUPT Driver/interrupt.o

.debug_frame    0x00000000      0x594
 *(.debug_frame)
 .debug_frame   0x00000000       0xac APPLICATION/app.o
 .debug_frame   0x000000ac       0x74 ECUAL/Button Driver/button.o
 .debug_frame   0x00000120      0x298 ECUAL/LED Driver/led.o
 .debug_frame   0x000003b8       0x24 main.o
 .debug_frame   0x000003dc      0x114 MCAL/DIO Driver/dio.o
 .debug_frame   0x000004f0       0xa4 MCAL/INTERRUPT Driver/interrupt.o

.debug_str      0x00000000      0x95b
 *(.debug_str)
 .debug_str     0x00000000      0x196 C:/Program Files (x86)/Atmel/Studio/7.0/Packs/atmel/ATmega_DFP/1.7.374/gcc/dev/atmega32a/avr5/crtatmega32a.o
 .debug_str     0x00000196      0x316 APPLICATION/app.o
                                0x359 (size before relaxing)
 .debug_str     0x000004ac      0x17c ECUAL/Button Driver/button.o
                                0x2d9 (size before relaxing)
 .debug_str     0x00000628      0x188 ECUAL/LED Driver/led.o
                                0x469 (size before relaxing)
 .debug_str     0x000007b0       0x11 main.o
                                0x173 (size before relaxing)
 .debug_str     0x000007c1       0x54 MCAL/DIO Driver/dio.o
                                0x226 (size before relaxing)
 .debug_str     0x00000815      0x146 MCAL/INTERRUPT Driver/interrupt.o
                                0x2dd (size before relaxing)

.debug_loc      0x00000000     0x13d3
 *(.debug_loc)
 .debug_loc     0x00000000      0x1eb APPLICATION/app.o
 .debug_loc     0x000001eb      0x1ae ECUAL/Button Driver/button.o
 .debug_loc     0x00000399      0xb36 ECUAL/LED Driver/led.o
 .debug_loc     0x00000ecf      0x34c MCAL/DIO Driver/dio.o
 .debug_loc     0x0000121b      0x1b8 MCAL/INTERRUPT Driver/interrupt.o

.debug_macinfo
 *(.debug_macinfo)

.debug_weaknames
 *(.debug_weaknames)

.debug_funcnames
 *(.debug_funcnames)

.debug_typenames
 *(.debug_typenames)

.debug_varnames
 *(.debug_varnames)

.debug_pubtypes
 *(.debug_pubtypes)

.debug_ranges   0x00000000      0x178
 *(.debug_ranges)
 .debug_ranges  0x00000000       0x28 APPLICATION/app.o
 .debug_ranges  0x00000028       0x28 ECUAL/Button Driver/button.o
 .debug_ranges  0x00000050       0x98 ECUAL/LED Driver/led.o
 .debug_ranges  0x000000e8       0x10 main.o
 .debug_ranges  0x000000f8       0x48 MCAL/DIO Driver/dio.o
 .debug_ranges  0x00000140       0x38 MCAL/INTERRUPT Driver/interrupt.o

.debug_macro
 *(.debug_macro)
OUTPUT(On-demand Traffic light control.elf elf32-avr)
LOAD linker stubs
